// Jest Snapshot v1, https://goo.gl/fbAQLP

exports[`ConnectCard.vue matches snapshot 1`] = `
<v-card>
    <v-card-text class="pt-5">
        <v-icon class="headline">bar</v-icon>
    </v-card-text>
    <v-card-title class="justify-center mt-3 pb-0">
        <h3 class="headline mb-0">Test</h3>
    </v-card-title>
    <v-card-actions class="justify-center">
        <v-btn flat="" color="primary" href="/connect/foo">Connect</v-btn>
    </v-card-actions>
</v-card>
`;
